---
source: crates/data-dict/tests/validate.rs
expression: "failing_diagnostic(\"lint/dd006-cardinality-mismatch.yaml\")"
---
Error: [DD006] data-dict.yaml lint
    ╭─[ lint/dd006-cardinality-mismatch.yaml:36:18 ]
    │
 36 │     cardinality: many-to-one
    │                  ─────┬─────  
    │                       ╰─────── cardinality is `many-to-one` but the right-side join column on `account` is not marked `primary_key` or `unique`
────╯

Error: [DD007] data-dict.yaml lint
    ╭─[ lint/dd006-cardinality-mismatch.yaml:15:15 ]
    │
 15 │       - name: id
    │               ─┬  
    │                ╰── column `transaction.id` has type `number(id)` but is missing the expected `examples` property
────╯

Error: [DD007] data-dict.yaml lint
    ╭─[ lint/dd006-cardinality-mismatch.yaml:19:15 ]
    │
 19 │       - name: account_id
    │               ─────┬────  
    │                    ╰────── column `transaction.account_id` has type `number(id)` but is missing the expected `examples` property
────╯

Error: [DD007] data-dict.yaml lint
    ╭─[ lint/dd006-cardinality-mismatch.yaml:29:15 ]
    │
 29 │       - name: account_id
    │               ─────┬────  
    │                    ╰────── column `account.account_id` has type `number(id)` but is missing the expected `examples` property
────╯
